<?xml version="1.0" encoding="utf-8" ?>
<results>
	<result idSite="1">
		<nb_visits>12</nb_visits>
		<nb_actions>21</nb_actions>
		<nb_visits_converted>12</nb_visits_converted>
		<bounce_count>11</bounce_count>
		<sum_visit_length>54</sum_visit_length>
		<max_actions>10</max_actions>
		<bounce_rate>92%</bounce_rate>
		<nb_actions_per_visit>1.8</nb_actions_per_visit>
		<avg_time_on_site>5</avg_time_on_site>
	</result>
	<result idSite="2" />
	<result idSite="3" />
</results>